2026-05-24T04:15:41Z INF Thank you for trying Cloudflare Tunnel. Doing so, without a Cloudflare account, is a quick way to experiment and try it out. However, be aware that these account-less Tunnels have no uptime guarantee, are subject to the Cloudflare Online Services Terms of Use (https://www.cloudflare.com/website-terms/), and Cloudflare reserves the right to investigate your use of Tunnels for violations of such terms. If you intend to use Tunnels in production you should use a pre-created named tunnel by following: https://developers.cloudflare.com/cloudflare-one/connections/connect-apps
2026-05-24T04:15:41Z INF Requesting new quick Tunnel on trycloudflare.com...
2026-05-24T04:15:47Z INF +--------------------------------------------------------------------------------------------+
2026-05-24T04:15:47Z INF |  Your quick Tunnel has been created! Visit it at (it may take some time to be reachable):  |
2026-05-24T04:15:47Z INF |  https://viking-metres-joint-dresses.trycloudflare.com                                     |
2026-05-24T04:15:47Z INF +--------------------------------------------------------------------------------------------+
2026-05-24T04:15:47Z INF Cannot determine default configuration path. No file [config.yml config.yaml] in [~/.cloudflared ~/.cloudflare-warp ~/cloudflare-warp]
2026-05-24T04:15:47Z INF Version 2026.5.0 (Checksum f141cded099c239171ad2cea6fb5da0fdaa2bd36104c3074d883f9546519eba7)
2026-05-24T04:15:47Z INF GOOS: windows, GOVersion: go1.26.2, GoArch: amd64
2026-05-24T04:15:47Z INF Settings: map[ha-connections:1 protocol:quic url:http://localhost:8501]
2026-05-24T04:15:47Z INF cloudflared will not automatically update on Windows systems.
2026-05-24T04:15:47Z INF Generated Connector ID: c950eb08-e3a1-407e-ba10-3ea158c0418d
2026-05-24T04:15:47Z INF Initial protocol quic
2026-05-24T04:15:47Z INF ICMP proxy will use 192.168.1.65 as source for IPv4
2026-05-24T04:15:47Z INF ICMP proxy will use 2404:7c80:5c:6913:511c:a879:c1d:b02c in zone Wi-Fi as source for IPv6
2026-05-24T04:15:47Z INF cloudflared does not support loading the system root certificate pool on Windows. Please use --origin-ca-pool <PATH> to specify the path to the certificate pool
2026-05-24T04:15:47Z INF ICMP proxy will use 192.168.1.65 as source for IPv4
2026-05-24T04:15:47Z INF Tunnel connection curve preferences: [X25519MLKEM768 CurveID(65074) CurveP256] connIndex=0 event=0 ip=2606:4700:a8::10
2026-05-24T04:15:47Z INF ICMP proxy will use 2404:7c80:5c:6913:511c:a879:c1d:b02c in zone Wi-Fi as source for IPv6
2026-05-24T04:15:47Z INF Starting metrics server on 127.0.0.1:20241/metrics
2026-05-24T04:15:48Z INF Registered tunnel connection connIndex=0 connection=5f22bda4-24a3-4505-8d6e-7f2be77afc62 event=0 ip=2606:4700:a8::10 location=del06 protocol=quic
2026-05-24T05:07:25Z ERR  error="Incoming request ended abruptly: context canceled" connIndex=0 event=1 ingressRule=0 originService=http://localhost:8501
2026-05-24T05:07:25Z ERR Request failed error="Incoming request ended abruptly: context canceled" connIndex=0 dest=https://viking-metres-joint-dresses.trycloudflare.com/static/media/SourceCodeVF-Upright.ttf.BjWn63N-.woff2 event=0 ip=2606:4700:a8::10 type=http
2026-05-24T05:19:44Z ERR  error="Unable to reach the origin service. The service may be down or it may not be responding to traffic from cloudflared: dial tcp [::1]:8501: connectex: No connection could be made because the target machine actively refused it." connIndex=0 event=1 ingressRule=0 originService=http://localhost:8501
2026-05-24T05:19:44Z ERR Request failed error="Unable to reach the origin service. The service may be down or it may not be responding to traffic from cloudflared: dial tcp [::1]:8501: connectex: No connection could be made because the target machine actively refused it." connIndex=0 dest=https://viking-metres-joint-dresses.trycloudflare.com/cognition/_stcore/host-config event=0 ip=2606:4700:a8::10 type=http
2026-05-24T05:19:44Z ERR  error="Unable to reach the origin service. The service may be down or it may not be responding to traffic from cloudflared: dial tcp [::1]:8501: connectex: No connection could be made because the target machine actively refused it." connIndex=0 event=1 ingressRule=0 originService=http://localhost:8501
2026-05-24T05:19:44Z ERR Request failed error="Unable to reach the origin service. The service may be down or it may not be responding to traffic from cloudflared: dial tcp [::1]:8501: connectex: No connection could be made because the target machine actively refused it." connIndex=0 dest=https://viking-metres-joint-dresses.trycloudflare.com/cognition/_stcore/health event=0 ip=2606:4700:a8::10 type=http
